// Jest Snapshot v1, https://goo.gl/fbAQLP

exports[`Render Overview tab 1`] = `
Array [
  <div
    className="movie-rating"
  >
    <div
      className="movie-rating__score"
    >
      5
    </div>
    <p
      className="movie-rating__meta"
    >
      <span
        className="movie-rating__level"
      >
        
      </span>
      <span
        className="movie-rating__count"
      >
        100
         ratings
      </span>
    </p>
  </div>,
  <div
    className="movie-card__text"
  >
    <p />
    <p
      className="movie-card__director"
    >
      <strong>
        Director: 
        
      </strong>
    </p>
    <p
      className="movie-card__starring"
    >
      <strong>
        Starring: 
        , 1, 3
         and other
      </strong>
    </p>
  </div>,
]
`;
